C51 COMPILER V9.01   MAIN                                                                  09/28/2019 21:24:15 PAGE 1   


C51 COMPILER V9.01, COMPILATION OF MODULE MAIN
OBJECT MODULE PLACED IN main.obj
COMPILER INVOKED BY: D:\SoftwareInstalled\keil4\C51\BIN\C51.EXE Main\main.c BROWSE INCDIR(.\Delay;.\HCSR04;.\Motor;.\Uar
                    -t) DEBUG OBJECTEXTEND PRINT(.\main.lst) OBJECT(main.obj)

line level    source

   1          /*******************************************************
   2          2018жп╧З╫лсЩ╩ЗфВ╢СхЭхкк╚хкючл╗Ё╛иЫ╡╗п║Ё╣ЁлпР
   3          п╬ф╛ё╨AT89S52
   4          ╬╖уЯё╨11.0592
   5          мБн╖фВ╪Чё╨      Ё╛иЫ╡╗                  4
   6                                  ╨ЛмБя╜╪ё                3
   7                                  йДхК╩Рце                1
   8                                  нхя╧дё©И                1
   9                                                          2018/10/2
  10                                                          утоИ╚|
  11          ********************************************************/
  12          #include "uart.h"
  13          #include "motor.h"
  14          #include "HCSR04.h"
  15          /*╨ЛмБя╜╪ёрЩ╫е╤╗рЕ 1н╙╨зоъ,0н╙╟воъ*/
  16          sbit INHL=P3^7;         //вСг╟
  17          sbit INHR=P3^4;         //срг╟
  18          sbit INBM=P3^5;         //жп╨С
  19          
  20          void main()
  21          {
  22   1              Uart_Init();
  23   1              InitTimer0();
  24   1              INT0_Init();
  25   1              InitTimer1();
  26   1              while(1)
  27   1              {
  28   2                      //сисз╨ЛмБя╟╪ё╣дпм╨е╡╩м╛,спп╘╦ъ╣Гф╫╢З╠М╨зи╚спп╘оЮ╥╢,рР╢кр╙╦Ы╬щгИ©Жю╢х╥╤╗еп╤олУ╪Ч
  29   2                      //╪Л╡Б╧ЩЁлжпйвох╠ёж╓╣дйгЁ╣тз╠ххЭЁ║╣ьдз(я╟╪ё╪Л╡Бсеох),тз╢к╩Ы╢║ио╪Л╡Б╣пхк╡╒╥╒фП╫Ь╧╔
  30   2      
  31   2                      if(IN_counter==0)
  32   2                      {
  33   3                              //хГ╧ШхЩ╦Ж╥╫оР╣дя╟╪ё╤╪йг╨зи╚,х╥╤╗акнр╬Этзу╫Ё║дз╡©,дг╬м©╢жэн╖спц╩сп╣пхк,сп╬мелкШ
  34   3                              //уБюО╪с╦Жеп╤оHCT_counter==0,рРн╙нрио╢н©идэуЩв╪╠╦ел╤тцФ╣д,╩╧тзв╙дь,уБй╠╨Р╬м╣х╣х,╣хв╙мЙак(елакиор╩╦Ж,╡ед
             -этзелобр╩╦Ж)
  35   3                              if(INHR==1&&INHL==1&&INBM==1)
  36   3                              {         
  37   4                                      if(HCT_counter==0)    
  38   4                                      {
  39   5                                              HCT_flag=0;
  40   5                                              if(HCBM<DISTANCE)               //╨Сжп Ё╛иЫ╡╗╪Л╡Б╣╫уо╟╜нО
  41   5                                              {
  42   6                                                      if(IN_flag=='R')        //хГ╧Ш╟воътзср╠ъвСв╙
  43   6                                                      {                                                               
  44   7                                                              Rv=-180;
  45   7                                                              Lv=180;         
  46   7                                                      }
  47   6                                                      else                            //╥ЯтРсрв╙
  48   6                                                      {
  49   7                                                              Rv=180;
  50   7                                                              Lv=-180;
  51   7                                                      }
  52   6                                                      HCT_flag++;
  53   6                                                      HCT_counter=250;
C51 COMPILER V9.01   MAIN                                                                  09/28/2019 21:24:15 PAGE 2   

  54   6                                              }
  55   5                                                                                                                                                
  56   5                                              if(HCHR<DISTANCE)               //г╟ср Ё╛иЫ╡╗╪Л╡Б╣╫уо╟╜нО срв╙
  57   5                                              {
  58   6                                                      Rv=180;
  59   6                                                      Lv=-180;                                
  60   6                                                      HCT_counter=100;
  61   6                                                      HCT_flag++;
  62   6                                              }
  63   5                                              if(HCHL<DISTANCE)               //г╟вС Ё╛иЫ╡╗╪Л╡Б╣╫уо╟╜нО вСв╙
  64   5                                              {
  65   6                                                      Rv=-180;
  66   6                                                      Lv=180;                                 
  67   6                                                      HCT_counter=100;
  68   6                                                      HCT_flag++;
  69   6                                              }
  70   5                                              if(HCHM<DISTANCE)               //г╟жп Ё╛иЫ╡╗╪Л╡Б╣╫уо╟╜нО ж╠въ
  71   5                                              {
  72   6                                                      Rv=-180;
  73   6                                                      Lv=-180;                                                
  74   6                                                      HCT_flag++;
  75   6                                              }
  76   5                                              if(HCT_flag==0)                 //хГ╧Ш╤╪н╢дэ╪Л╡Б╣╫ ж╠въ
  77   5                                              {
  78   6                                                      Rv=-180;
  79   6                                                      Lv=-180;                                                
  80   6                                              }
  81   5                                      }
  82   4                                      else
  83   4                                      {
  84   5                                              if(HCHM<DISTANCE)               //г╟╥╫Ё╛иЫ╡╗╪Л╡Б╣╫
  85   5                                              {
  86   6                                                      HCT_counter=0;          //мёж╧Ё╛иЫ╡╗пЩв╙ясй╠
  87   6                                              }
  88   5                                      }
  89   4                              }
  90   3                              else    /*  Ё║╣ь╪Л╡Б  */
  91   3                              {
  92   4                                      if(INBM==0)                             //жп╨С ╨ЛмБ╢╚╦пфВ╪Л╡Б╣╫╟воъ г╟╫Ь
  93   4                                      {
  94   5                                              Lv=-180;
  95   5                                              Rv=-180;                                                        
  96   5                                              IN_counter=80;                  
  97   5                                      }
  98   4                                      if(INHL==0)                             //вСг╟ ╨ЛмБ╢╚╦пфВ╪Л╡Б╣╫╟воъ срв╙
  99   4                                      {                  
 100   5                                              Lv=-180;
 101   5                                              Rv=180;                                         
 102   5                                              IN_flag='L';
 103   5                                              IN_counter=120;                 
 104   5                                      }
 105   4                                      if(INHR==0)                             //срг╟ ╨ЛмБ╢╚╦пфВ╪Л╡Б╣╫╟воъ вСв╙
 106   4                                      {
 107   5                                              Lv=180;
 108   5                                              Rv=-180;                                                        
 109   5                                              IN_flag='R';                    
 110   5                                              IN_counter=120;         
 111   5                                      }
 112   4                              }
 113   3                      }
 114   2                      else
 115   2                      {
C51 COMPILER V9.01   MAIN                                                                  09/28/2019 21:24:15 PAGE 3   

 116   3                              //ЁлпР╫ЬхКуБюОк╣цВп║Ё╣рРн╙въ╣╫Ё║╣ь╠ът╣уЩтз╫ЬпппЩв╙╣ВуШ
 117   3                              //хГ╧ШпЩв╙╧ЩЁлжпг╟╥╫Ё╛иЫ╡╗дё©И╪Л╡Б╣╫╣пхктзуЩг╟╥╫,╠Пслт╔,елкЭ
 118   3                              //пЩв╙╣ВуШмёж╧,©╙й╪ел╤тцФ╣д
 119   3                              if(HCHM<DISTANCE)
 120   3                              {
 121   4                                      IN_counter=0;
 122   4                              }       
 123   3                      }
 124   2              }
 125   1      }
 126          
 127          
 128          
 129          
 130          
 131          
 132          
 133          
 134          
 135          


MODULE INFORMATION:   STATIC OVERLAYABLE
   CODE SIZE        =    315    ----
   CONSTANT SIZE    =   ----    ----
   XDATA SIZE       =   ----    ----
   PDATA SIZE       =   ----    ----
   DATA SIZE        =   ----    ----
   IDATA SIZE       =   ----    ----
   BIT SIZE         =   ----    ----
END OF MODULE INFORMATION.


C51 COMPILATION COMPLETE.  0 WARNING(S),  0 ERROR(S)
