C51 COMPILER V9.01   MOTOR                                                                 09/28/2019 21:24:15 PAGE 1   


C51 COMPILER V9.01, COMPILATION OF MODULE MOTOR
OBJECT MODULE PLACED IN Motor.obj
COMPILER INVOKED BY: D:\SoftwareInstalled\keil4\C51\BIN\C51.EXE Motor\Motor.c BROWSE INCDIR(.\Delay;.\HCSR04;.\Motor;.\U
                    -art) DEBUG OBJECTEXTEND PRINT(.\Motor.lst) OBJECT(Motor.obj)

line level    source

   1          
   2          
   3          /************************************************************************
   4          电机驱动程序
   5          
   6                          伺服舵机的控制是通过一段高脉冲的长度来控制的， 1.5ms停止，1.7ms全速正
   7          传，1.3ms全速反转，高脉冲之后为一段20ms左右的低电平。
   8                          本程序通过变量speedleft，speedright来控制定时器定时宽度，周期性的执行
   9          speedleft脉冲---低电平延时---speedright脉冲---低电平延时,从而实现不用延时
  10          高精度的控制电机转速。
  11          ************************************************************************/
  12          
  13          #include "motor.h"
  14          #include "HCSR04.h"
  15          sbit left  = P1^0;      //控制右轮
  16          sbit right = P1^1;      //控制左轮
  17          
  18          unsigned char Motor_counter=0;                                  //电机区间调制循环变量
  19          unsigned char IN_counter=0;                                             //红外循迹计数器
  20          unsigned int speedleft=1382,speedright=1382;    //1382*1.08507=1.5ms    (1382+180)*1.08507=1.7ms        (1382-180)*1.08
             -507=1.3ms
  21          unsigned char speed_H=0xff;                                             //TH1 temp
  22          unsigned char speed_L=0x00;                                             //TL1 temp
  23          unsigned int HCT_counter=0;                                             //超声波计数器
  24          unsigned char IN_flag=0;                                                //红外循迹标记位 'R','L'
  25          unsigned char HCT_flag=0;                                               //HCT_flag个超声波检测到障碍物
  26          int Rv=0,Lv=0;
  27                          
  28                                                                                                          //电机控制-185~185 反转-停止-正传
  29          void InitTimer1(void)     
  30          {
  31   1              TMOD |= 0x10;            //0001 0000  方式1 16位定时器模式
  32   1          TH1 = 0xDC;                  //11.0592M晶振是10ms,10ms后定时器1溢出,自此之后定时器1的溢出时间将不再是10ms
  33   1          TL1 = 0x00;
  34   1          EA  = 1;
  35   1          ET1 = 1;
  36   1          TR1 = 1;
  37   1              PT1 = 1;                         //定时器1设置为高优先级
  38   1      }
  39          void Timer1Interrupt(void) interrupt 3
  40          {
  41   1              speedleft = 1382 + Lv;
  42   1              speedright = 1382 - Rv;         //转换速度值
  43   1              TH1 = speed_H;                          //使用上一次计算好的定时器宽度装初值
  44   1              TL1 = speed_L;
  45   1              if(IN_counter>0) IN_counter--;                  //红外循迹延时
  46   1              if(HCT_counter>0) HCT_counter--;                        //超声波延时
  47   1      
  48   1              /*舵机控制*/
  49   1              Motor_counter++;                                                                        
  50   1              if(Motor_counter > 7)
  51   1                      Motor_counter = 0;
  52   1      
  53   1      
C51 COMPILER V9.01   MOTOR                                                                 09/28/2019 21:24:15 PAGE 2   

  54   1              //此处通过高脉冲长度控制舵机转速
  55   1              switch(Motor_counter)
  56   1              {
  57   2                      case 0:
  58   2                              left = 1;                                                       //Left高脉冲
  59   2                              speed_H = 0xf1;                                 //为下一个区间(低电平延时)装定时器初值
  60   2                              speed_L = 0x9a;                                 //高脉冲计数值37114
  61   2                              break;
  62   2                      case 1:                                                         //低电平延时
  63   2                      case 2:                                                         //为使Time1具有更准确的延时作用，将低电平延时分为多个区间
  64   2                      case 3:
  65   2                              left=0;
  66   2                              speed_H = (0xffff - speedright) >> 8;              //speed_H = speedright高8位  
  67   2                              speed_L = (0xffff - speedright) & 0x00ff;          //speed_L = speedright低8位  脉冲计数值为 speedright
  68   2                              break;
  69   2                      case 4:                                                         //Right高脉冲
  70   2                              speed_H = 0xf1;
  71   2                              speed_L = 0x9a;
  72   2                              right = 1;
  73   2                              break;
  74   2                      case 5:                                                         //低电平延时
  75   2                      case 6: 
  76   2                      case 7:                 
  77   2                              speed_H = (0xffff - speedleft) >> 8;
  78   2                              speed_L = (0xffff - speedleft) & 0x00ff;
  79   2                              right=0;
  80   2                              break;
  81   2                      default:break;  
  82   2              }
  83   1      }
  84          


MODULE INFORMATION:   STATIC OVERLAYABLE
   CODE SIZE        =    177    ----
   CONSTANT SIZE    =   ----    ----
   XDATA SIZE       =   ----    ----
   PDATA SIZE       =   ----    ----
   DATA SIZE        =     16    ----
   IDATA SIZE       =   ----    ----
   BIT SIZE         =   ----    ----
END OF MODULE INFORMATION.


C51 COMPILATION COMPLETE.  0 WARNING(S),  0 ERROR(S)
