C51 COMPILER V9.01   UART                                                                  10/03/2019 17:20:10 PAGE 1   


C51 COMPILER V9.01, COMPILATION OF MODULE UART
OBJECT MODULE PLACED IN Uart.obj
COMPILER INVOKED BY: D:\SoftwareInstalled\keil4\C51\BIN\C51.EXE Uart\Uart.c BROWSE INCDIR(.\Delay;.\INSend;.\Main;.\Uart
                    -;.\ADC) DEBUG OBJECTEXTEND PRINT(.\Uart.lst) OBJECT(Uart.obj)

line level    source

   1          #include "uart.h"
   2          void Uart_Init()
   3          {
   4   1          TMOD |= 0x20;
   5   1          SCON |= 0x50;
   6   1          TH1 = 0xFD;
   7   1          TL1 = TH1;
   8   1          PCON = 0x00;
   9   1          EA = 1;
  10   1          ES = 1;
  11   1          TR1 = 1;
  12   1      }
  13          void Usart() interrupt 4
  14          {
  15   1              unsigned char receiveData;
  16   1              receiveData=SBUF; 
  17   1              RI = 0;           //清除接收中断标志位
  18   1      }
  19          char putchar(char c)    //putchar重载，可直接调用printf，若使用scanf请重载getchar
  20          {  
  21   1              hal_uart_putchar(c);  
  22   1              return c;  
  23   1      }  
  24          void hal_uart_putchar(char i) 
  25          {  
  26   1              ES = 0;  
  27   1              TI = 0; 
  28   1              SBUF = i;   
  29   1              while(TI == 0); 
  30   1              TI = 0;   
  31   1              ES = 1;  
  32   1      }  
  33          
  34          
  35          
  36          
  37          


MODULE INFORMATION:   STATIC OVERLAYABLE
   CODE SIZE        =     50    ----
   CONSTANT SIZE    =   ----    ----
   XDATA SIZE       =   ----    ----
   PDATA SIZE       =   ----    ----
   DATA SIZE        =   ----       2
   IDATA SIZE       =   ----    ----
   BIT SIZE         =   ----    ----
END OF MODULE INFORMATION.


C51 COMPILATION COMPLETE.  0 WARNING(S),  0 ERROR(S)
